Deanna Haala Songs
Dreams - *Fleetwoed Mac
Who Knew - Pink
Little Sister - *Elvis Presley
Hella Good - No Doubt
Black Velvet - *Alannah Myles
Game of Love - Santana
Lights - Journey
Any Way You Want It - Journey
Sedated - *Ramones
Call Me - Blondie
One Way or Another - *Blondie
Barracuda - *Heart
Uptown Funk - Bruno Mark
Cake By The Ocean - DNCE
Sweet Home Alabama - *Lynyrd Skynyrd
I Love Rock N Roll - *Joan Jett
Hate Myself - *Joan Jett
Kryptonite - *3 Doors Down
Lovergirl - Teena Marie
What I Like About You - *The Romantics
I Will Survive - Gloria Gaynor
Boogie Oogie Oogie - Taste of Honey
Sweet Child O Mine - *Guns N Roses
Your Love - *Outfield
My Own Worst Enemy - Lit
Hot Child in the City - Nick Glider
Boys of Summer - Eagles
Pride - U2
The Metro - Berlin
Only the Young - Journey
Creep - *Radiohead
Love Shack - B52s
Hit Me With Your Best Shot - *Pat Benitar
Money For Nothing - Dire Straights
Gimmie Shelter - The Stones
Pour Some Sugar on Me - *Dep Lepard
Don't Stop Believing - *Journey
Rebel Yell - *Billy Idol
Ex's and Oh's - Elle King
What's Up - Four Non Blondes
Man in the box - Alice in Chains
Crazy On You - *Heart
Tush - *ZZ Top
Highway to Hell - *AC/DC
Rolling in the Deep - Adele
Goodbye to You - Scandal, Patty Smyth
Bobby McGee - *Janis Joplin
Cuts Like a Knife - Bryan Adams
Hot Blooded - *Foreigner
Tennessee Whiskey - *Chris Stapleton
Tubthumping - Chumbawamba
