Laidback
Across the Universe
All My Loving
All You Need Is Love
Band on the Run
Behind Blue Eyes
Best of my love
Blackbird
Black Water
Bus Stop
California Dreamin
Can't Find My Way Home
Change the World
Country Roads
Crazy Little Thing Called Love
Crazy Love
Crimson and Clover
Crystal Blue Persuasion
Daydream Believer
Desperado
Drift Away
Dust in the Wind
End of the Line
Everybody's Talkin At Me
Every Breath You Take
Feel A Whole Lot Better
For What It's Worth
From The Beginning
Get Back
Get Together
Happy Together
Harvest Moon
Have You Ever Seen The Rain
I Can See Clearly Now
I Can't Tell You Why
If I Ever Lose My Faith In You
If I Fell
If You Could Read My Mind
I'll Cry Instead
I'm A Believer
I Melt With You
Into The Mystic
I Saw the Light
I Saw The Light
It Don't Come Easy
Just A Song
Just A Song Before I Go
Just The Two of us
Kodachrome
Landslide
Lay Down Sally
Lonely People
Love The One You're With
Love Will Keep Us Alive
Lyin Eyes
Moondance
Mrs. Robinson
My Love
New Kid In Town
Norwegian Wood
Nowhere Man
Oh-Bla-Di Ob-La-Da
One After 909
Our House
Peaceful, Easy Feeling
Pink Houses
Please Come Home For Christmas
R.O.C.K in the USA
Runaway
Seven Bridges Road
She's Not There
Show Me the Way
Sister Golden Hair
Slip Sliding Away
Southern Cross
Space Oddity
Spooky
Suite Judy Blue Eyes
Sultans of Swing
Summer Breeze
Sunny Afternoon
Take It Easy
Take Me Home Country Roads
Tears In Heaven
Tequila Sunrise
The Letter
Things We Said Today
Tin Man
Two of Us
Under The Boardwalk
Ventura Highway
While My Guitar Gently Weeps
Wild Nights
Wild World
You're Gonna Lose That Girl
Your Momma Don't Dance
