Mixtape
11:59
38 Special
500 Miles
Black Betty
Black Velvet
Blister in the Sun
Brand New Key
Built This City
Call Me
Centerfold
Come the Rain
Crazy on You
Crocadile Rock
Danger Zone
Daydream Believer
Don't Forget About Me
Every Rose Has Its Thorn
Fat Bottom Girls
Fight for Your Right
Footloose
Freeze Frame
Get Down Tonight
Girls Just Wanna Have Fun
Goodbye to You
Hero
Hit me With Your Best Shot
Hunger for World
I'll Melt With You
In the Summertime
It's Too Late
I Wanna Dance with Somebody
I Want You to Want Me
Jack and Diane
Jenny, Jenny
Just Like Heaven
Just What I Needed
Kiss - Princes
Lagrange
Landslide
Little Miss
Love Shack
Man Eater
Maniac
Money for Nothing
Mony Mony
My Sharona
New Sensation
New Year’s day - Carolyn Arends
Oh Bla Di, Oh Bla Da
Oh My Love - John Lennon
Oh Sherrie
One Way or Another
Only the Lonely
Piano Man
Play That Funky Music
Power of Love
Pretty Woman
Saturday Night
Sharped Dressed Man
Sugar Kisses
Sultans of Swing
Summer of 69
Sweet Child of Mine
Sweet Dreams (Are Made of This)
Take me Home Tonight
Take on Me
Tell Me No Lies
The Heat is on
The World is Ours
Time - Bangles
Tom Sawyer
Two Princes
Two Tickets to Paradise
Venus
Walking on Sunshine
Walkin in Memphis - Cher version
Walk Like an Egyptian
Walk This Way
We Got the Best
What a Feeling
Working for the Weekend
Year of the Cat - Al Stewart
You're No Good
