Kent Fingerpicking Songs
Amazing Grace - John Newton 1779
Angelina - Tommy
Besame Mucho - Consuelo Velaquez
Blue Moon - Richard Rodgers/Lorenz Hart 1934
Cannonball Rag - Merle Travis
Classical Gas - Mason Williams
Deep River Blues - Tommy Emmanuel
Drive Time - Tommy
Embryonic Journey - Jefferson Airplane
Eva Waits - Tommy Emmanuel
Fireflies - Joe Robinson
Freight Train - Elizabeth Cotton
GOT
Guitar Boogie - Arthur Smith 1945
Halfway Home - Tommy
I've Always Thought Of You - Tommy
It's Never Too Late - Tommy Emmanuel
Michelle - McCartney/Lennon
Michelle - Beatles
Misty - Joe Robinson
Mombosa - Tommy
Mood For A Day - Steve Howe
Ol' Brother Hubbard - Tommy
One Mint Julep - Rudy Toombs 1951
Only Elliot - Tommy
Romanza - classical standard
Stay Close To Me - Tommy
Tennessee Family Tune - Richard Smith
The Rooster - Traditional Irish Song
Those Who Wait - Tommy
To B Or Not 2 B - Chet Atkins
When I'm 64/Lady Madonna - Lennon/McCartney
Windy and Warm - John D Loudermilk
Yankee Doodle Dixie - Tommy
The Man With The Green Thumb - Tommy Emmanuel
Mister Lucky - Jerry Reed
Babys Coming Home - Chet Atkins
