Banging the Beatles - CraigsList
A Hard Day's Night - Beatles
All My Loving - Beatles
Baby It's You
Back in the USSR - Beatles
Bad Boy - Beatles
Blue Suede Shoes - Elvis
Boys - Beatles
California Dreamin - Moma's and Papa's
Come Together - Beatles
Crying in the Chapel
Dead Flowers - Grateful Dead
Draggin the Line - Tommy James
Everyday People - Sly and the Family Stone
Get Back - Beatles
Gimme Good Lovin - Crazy Elephant
Good Lovin - The Rascals
Heartbreak Hotel - Elvis
Hello I Love You - The Doors
Hippy Hippy Shake - The Swinging Blue Jeans
Hound Dog - Elvis
I Saw Her Standing There - Beatles
I'm Down - Beatles
I've Just Seen a Face - Beatles
Leave My Kitten Alone - Beatles
My Guy
Oh! Darling - Beatles
Paint It Black - The Rolling Stones
Please Please Me - Beatles
Revolution - Beatles
Ruby Tuesday - The Rolling Stones
Suspicious Minds - Elvis
Tell Me Why - Beatles
The Letter - Joe Cocker
Time Won't Let Me - The Outsiders
Twist and Shout - Beatles
Why Don't We Do It in the Road - Beatles
You Really Got a Hold on Me - Beatles
You Can't Do That - Beatles