Beatles
Across the Universe - Beatles
Admiral Halsey - Beatles/Paul McCartney
All My Loving - Beatles
All You Need Is Love - Beatles
Another Day - Beatles
Babys in Black - Beatles
Back in the USSR - Beatles
Band on the Run - Beatles/Wings
Being For the Benefit of Mr Kite - Beatles
Birthday
Birthday - Beatles
Blackbird - Beatles
Bluebird - Beatles/McCartney [Em]
Can't Buy Me Love - Beatles
Come Together - Beatles - 1969
A Day in a Life - Beatles
Day Tripper
Dear Prudence
Dig a Pony - Beatles - Roof Top
Dont Let Me Down - Beatles Roof Top
Don't Let the Sun Catch You Crying
Don't Pass Me By
Eight Days a Week - Beatles
Eleanor Rigby
Every Night
For No One - Beatles
For You Blue - Beatles
From Me To You
Get Back - Beatles Roof Top
Getting Better
Girl - Beatles
Golden Slumbers - Beatles
Got My Mind Set On You
Handle with Care - Harrison
Help! - Beatles
Here Comes the Sun
Here Today - McCartney
Here, There, and Everywhere - Beatles
Hey Jude - Beatles - Roof Top
I Feel Fine
I Saw Her Standing There - Beatles
I Will - Beatles
I'll Be Back
I'll Follow The Sun
I'm Looking Through You - Beatles
I'm Only Sleeping - John Lennon
Im So Tired
I've Got a Feeling - Beatles - Roof Top
I've Just Seen a Face
If I Fell
If I Needed Someone - Beatles
If Not For You - Bob Dylan/Harrison Version
Im Only Sleeping
Imagine - John Lennon
In My Life
Isn't It a Pity
It Dont Come Easy - Ringo
It's Only Love - Beatles
Jenny  Wren - McCartney
Jet - Paul McCartney
Junk - McCartney
Just Like Starting Over - John Lennon
Kansas City
Lady Madonna - Beatles
Let it Be
Let me roll it - Paul McCartney
Live And Let Die - Beatles
Maybe I'm Amazed
Mean Mr. Mustard - Beatles
Michelle - Beatles
Mother Nature's Son - Beatles
My Love
My Sweet Lord
The Night Before - Beatles
No Reply - Beatles
Norwegian Wood - Beatles
Nowhere Man - Beatles
Octopus's Garden - Beatles
Oh Darling - Beatles
Oh Bla Di Ob La Da - Beatles
Please Mr. Postman - Beatles
Please, Please Me - Beatles
Polythene Pam - Beatles
RAIN - Beatles
Revolution - Beatles
Rocky Racoon - Beatles
Sgt. Pepper's Lonely Hearts Club Band - Beatles
She Loves You - Beatles
She's Leaving Home - Beatles
Something - Beatles
Stand By Me
Strawberry Fields - Beatles
Sun King - Beatles
Taxman
Things We Said Today
Till There Was You - Beatles
Two of Us - Beatles
We Can Work it Out - Beatles
While My Guitar Gently Weeps - Beatles
With a Little Help From my Friends - Beatles
Wonderful Christmas Time - Beatles/Paul McCartney
Yellow Submarine - Beatles
Yesterday - Beatles
You Can't Do That - Beatles
You Can't Do That - BV
You Won't See Me - Beatles
You're Going to Lose that Girl - Beatles
You've got to hide your love away
She's A Woman chords - The Beatles
Savoy Truffle - The Beatles
Honey Pie - Beatles
I've Just Seen a Face - Beatles
Im Looking Through You - Beatles
Youre Gonna Lose That Girl - The Beatles
Isnt it A Pity - George Harrison
If I Needed Someone - Beatles
Every Little Thing - Beatles
One After 909 - Beatles
It Wont Be Long - Beatles
It Won't Be Long - The Beatles
