Jackie's Party
Burning Love - Elvis
California Dreaming
Can’t Help Falling In Love With You - Elvis Presley
Crazy Little Thing Called Love - Queen
Crazy love - Poco
Dont Be Cruel - Elvis Presley
Get Together
Norwegian Wood - Beatles
Nowhere Man - Beatles
Sister Golden Hair - America
Tin Man - America
Two of Us - Beatles
Ventura Highway - Anerica
Wings of a Dove
You Can't Do That - Beatles
You Got It - Roy Orbison
Drift Away
Peaceful Easy Feeling - Eagles
Amie
Margaritaville
Across the Universe - Beatles
Helplessly Hoping - Stephen Stills
Happy Together
Change The World - Clapton
Harvest Moon - Neil Young
Just A Song
Our House
Let it Be
Teach Your Children
Black Water - Doobie Brothers
Band on the Run - Beatles/Wings
Bluebird - Beatles/McCartney
End of the Line - Wilburys
What a Wonderful World - Louis Armstrong
Boat On the River - Styx
Under The Boardwalk
Crystal Blue Persuasion
Abraham, Martin and John
Please, Please Me - Beatles
Tears in Heaven
Spooky
Jack and Diane - John Mellancamp
Two Tickets to Paradise
Wooden Ships - Crosby, Stills & Nash
From The Beginning
Lay Down Sally - Clapton
