**Laidback Gig (Finesse & Dynamics)
Get Back - Beatles Roof Top
Oh Bla Di, Oh Bla Da - Beatles
For Your Love - Yardbirds
Good Lovin
Double Vision - Foreigner
Ain't to Proud to Beg - Temptations
Soul Man
Do You Love Me - Now That I Can Dance
Old Time Rock N Roll
Just What I Needed - The Cars
Feel A Whole Lot Better - Byrds
Doctor My Eyes - Jackson Browne
Running On Empty - Jackson Browne
Suite Judy Blue Eyes
Get Together
Reeling in the Years - Steely Dan
New Kid In Town - Eagles
Listen To The Music - Doobie Brothers
My Back Pages
Ramblin' Man - Allman Brothers
Take it Easy - The Eagles
Bring It On Home - Sam Cooke
I Can See Clearly Now - Johnny Nash
Crazy Little Thing Called Love - Queen
Daydream Believer
Behind Blue Eyes
California Dreaming
Sister Golden Hair - America
Ventura Highway - Anerica
Sunny Afternoon - Kinks
While My Guitar Gently Weeps - Beatles
One After 909 - Beatles
Crazy love - Poco
Summer Breeze
Have You Ever Seen The Rain - Creedence Clearwater
Set 2
In My Life - Beatles
Nowhere Man - Beatles
Peaceful Easy Feeling - Eagles
Sultans of Swing - Dire Straights
Lay Down Sally - Clapton
She's Not There - The Zombies
Happy Together
Kodachrome - Simon & Garfunkel
I'll Cry Instead - Beatles
Tin Man - America
Oh Bla Di Ob La Da - Beatles
Show me the way - Peter Frampton
The Letter
Moondance - Van Morrison
Set 3
Two of Us - Beatles
Amie - Pure Prairie League
Space Oddity
If I Ever Loose My Faith In You - Sting
Lying Eyes
Mrs Robinson
I Saw the Light - Todd Rundgren
Under The Boardwalk
From The Beginning
Harvest Moon - Neil Young
Your Mama Dont Dance - Loggins & Messina
Announcing Last Song***
Wild Night
Do It Again
Cant Find My Way Home
Margaritaville
Spooky
Tequila Sunrise - Eagles
Best of My Love - Eagles
Seven Bridges Road
Desperado - Eagles
Love Will Keep Us Alive - Eagles
I Can't Tell You Why - Eagles
Brown Eyed Girl
Southern Cross
Black Water - Doobie Brothers
Lonely People - America
All My Loving - Beatles
If I Needed Someone - Beatles
Things We Said Today - Beatles
Dont Let Me Down - Beatles Roof Top
Please, Please Me - Beatles
Across the Universe - Beatles
If I Fell - Beatles
Norwegian Wood - Beatles
Band on the Run - Beatles/Wings
All You Need Is Love - Beatles
Lady Madonna - Beatles
Take Me Home Country Roads - John Denver
Drift Away
Change The World - Clapton
Crimson and Clover
Dust in the Wind
If You Could Read My Mind - Gordon Lightfoot
Our House
Just A Song
Landslide
Tears in Heaven
Love The One Your With - CSN - Steve Stills
Please Come Home For Christmas - Eagles
Now That I've Found You - Alison Krause
It Won't Be Long - The Beatles
R.O.C.K. In the USA - John Mellancamp
Everybody Wants to Rule the World - Tears for FEARS
Dont Fear The Reaper - Blue Oyster Cult
The Power of Love - Huey Lewis
