**Laidback Gig (Finesse & Dynamics)
Doctor My Eyes - Jackson Browne
Running On Empty - Jackson Browne
Get Together
New Kid In Town - Eagles
Listen To The Music - Doobie Brothers
Take it Easy - The Eagles
Bring It On Home - Sam Cooke
I Can See Clearly Now - Johnny Nash
Crazy Little Thing Called Love - Queen
Daydream Believer
Behind Blue Eyes
California Dreaming
Sister Golden Hair - America
Ventura Highway - Anerica
Sunny Afternoon - Kinks
While My Guitar Gently Weeps - Beatles
One After 909 - Beatles
Crazy love - Poco
Summer Breeze
Have You Ever Seen The Rain - Creedence Clearwater
Set 2
In My Life - Beatles
Nowhere Man - Beatles
Peaceful Easy Feeling - Eagles
Sultans of Swing - Dire Straights
Lay Down Sally - Clapton
She's Not There - The Zombies
Happy Together
Kodachrome - Simon & Garfunkel
I'll Cry Instead - Beatles
Tin Man - America
Oh Bla Di, Oh Bla Da - Beatles
Show me the way - Peter Frampton
The Letter
Moondance - Van Morrison
Set 3
Two of Us - Beatles
Amie - Pure Prairie League
Space Oddity
If I Ever Loose My Faith In You - Sting
Lying Eyes
Mrs Robinson
I Saw the Light - Todd Rundgren
Under The Boardwalk
From The Beginning
Harvest Moon - Neil Young
Your Mama Dont Dance - Loggins & Messina
Announcing Last Song***
Wild Night
Cant Find My Way Home
Margaritaville
Tequila Sunrise - Eagles
Best of My Love - Eagles
Desperado - Eagles
Love Will Keep Us Alive - Eagles
Brown Eyed Girl
Southern Cross
Black Water - Doobie Brothers
All My Loving - Beatles
If I Needed Someone - Beatles
Things We Said Today - Beatles
Dont Let Me Down - Beatles Roof Top
Please, Please Me - Beatles
Across the Universe - Beatles
If I Fell - Beatles
Norwegian Wood - Beatles
Band on the Run - Beatles/Wings
All You Need Is Love - Beatles
Lady Madonna - Beatles
Drift Away
Change The World - Clapton
Dust in the Wind
Our House
Just A Song
Landslide
Tears in Heaven
Please Come Home For Christmas - Eagles
It Won't Be Long - The Beatles
