***Laidback FINNESS & DYNAMICS
All My Loving - Beatles
Spooky
If I Needed Someone - Beatles
Please, Please Me - Beatles
Brown Eyed Girl
Lying Eyes
Southern Cross
Behind Blue Eyes
From The Beginning
Suite Judy Blue Eyes
Moondance - Van Morrison
The Letter
Show me the way - Peter Frampton
Ramblin' Man - Allman Brothers
Margaritaville
Black Water - Doobie Brothers
If I Fell - Beatles
Things We Said Today - Beatles
Wild Night
While My Guitar Gently Weeps - Beatles
One After 909 - Beatles
Take it Easy - The Eagles
Ventura Highway - Anerica
Under The Boardwalk
Shes Not There - The Zombies
Tin Man - America
Oh Bla Di Ob La Da - Beatles
Sunny Afternoon - Kinks
Sultans of Swing - Dire Straights
Sister Golden Hair - America
Peaceful Easy Feeling - Eagles
Nowhere Man - Beatles
Mrs Robinson
If I Ever Loose My Faith In You - Sting
Lay Down Sally - Clapton
Kodachrome - Simon & Garfunkel
Daydream Believer
Your Mama Dont Dance - Loggins & Messina
I Can See Clearly Now - Johnny Nash
Crazy Little Thing Called Love - Queen
All You Need Is Love - Beatles
Happy Together
I Saw the Light - Todd Rundgren
Get Back - Beatles Roof Top
Take Me Home Country Roads - John Denver
Two of Us - Beatles
Dont Let Me Down - Beatles Roof Top
Summer Breeze
Doctor My Eyes - Jackson Browne
Band on the Run - Beatles/Wings
Lady Madonna - Beatles
Harvest Moon - Neil Young
Drift Away
Across the Universe - Beatles
Best of My Love - Eagles
California Dreaming
Cant Find My Way Home
Change The World - Clapton
Crazy love - Poco
Crimson and Clover
Desperado - Eagles
Dust in the Wind
Get Together
Have You Ever Seen The Rain - Creedence Clearwater
I Can't Tell You Why - Eagles
If You Could Read My Mind - Gordon Lightfoot
Just A Song
Landslide
Love Will Keep Us Alive - Eagles
New Kid In Town - Eagles
Norwegian Wood - Beatles
Our House
Please Come Home For Christmas - Eagles
Seven Bridges Road
Space Oddity
Tears in Heaven
Tequila Sunrise - Eagles
Now That I've Found You - Alison Krause
You Got It - Roy Orbison
