*Rick Lecksell
Russian Dancer - Rick Lecksell
Christmas Time is Coming. Capo2 - Rick Lecksell
I Hear My Train - Rick Lecksell
River of Life - Rick Lecksell
Things You Make Me Do - Beatles - Rick Lecksell
Gonna Call My Baby - Rick Lecksell
Beg For Mercy - Rick Lecksell
Sanibel - Rick Lecksell
Paragons of Virtue - Rick Lecksell
Purple Sky - Rick Lecksell
The Hideaway - Rick Lecksell
Stranger - Rick Lecksell
Town of Hearts - Rick Lecksell
Im Going In Deep - Rick Lecksell
The Curse - Rick Lecksell
You Got It - Roy Orbison
The Good Stuff - Rick Lecksell
Man Under The Bridge
Rusted Wreck ** 11/25/20 - Rick Lecksell
Lovin Your Sunshine - Rick Lecksell  Capo 3 DADGAD User 58-1 Sgt Fr Horn
I'm Drowning - Rick Lecksell
I Want - Rick Lecksell
I Knew A Man - Rick Lecksell
I Aint Leaving Till Im Done - Rick Lecksell
I Can Feel Your Calmness - Rick Lecksell
I Saw Heaven Tonight This One - Rick Lecksell
Bon Jovi & Rick - Rick Songs You Do What You Can
A 0  Use These Chords - Rick Lecksell
Allman Brothers - Rick Lecksell
Carousel - R
Carousel (1) - R
Cheeze Whiz Song - Annie
The Color Red - Rick Lecksell
From The Beginning
Gracias A La Vida
GrungeStock - Rick Lecksell
I Can Hear You Calling - Rick Lecksell
I Found It - Rick Lecksell
I Heard Your Music - Rick Lecksell
I Only Want To Be With You - Rick Lecksell
I Saw Heaven Tonight - Rick Lecksell
I Think About the Good Things - Rick Lecksell
I Wanna Know (Who's Using Who) - Rick Lecksell
I Won't Fall Back Rick Lecksell
I Wrote A Note - Rick Lecksell
I've Got A New Suit - Rick Lecksell
Im Dreaming - Rick Lecksell
Im Gonna Cry Myself To Sleep - Rick Lecksell
In Case You're Wondering - Rick Lecksell
It Just Feels Right - Rick Lecksell
Its A Warm Night Tonight - Rick Lecksell
Its Time - Rick Lecksell
Just Enough - Rick Lecksell
Just When You Think (Sting) - Rick Lecksell
Legacy - Rick Lecksell
Like Father, Like Son - Rick Lecksell
Livin' In A Dream - Rick Lecksell
Moma's Road Trip - Tammy Urie
My Destiny - Rick Lecksell
Nashville (That Was The Night) - Rick Lecksell
No Promises - Rick Lecksell
Not Cause I Wanted To
Pink Floyd - Pink Floyd
Promise Land - Rick Lecksell
Rusted Wreck 9 13 20 - Rick Lecksell
Rusted Wreck 9 15 20 - Rick Lecksell
Sarah's A Star - Rick Lecksell
A Setting Sail - Rick Lecksell
Sha La La - Rick Lecksell
Something New - Rick Lecksell
Stand Out - Rick Lecksell
Stand Out 2
This Song - Rick Lecksell
Vitamin C Song - Rick Lecksell
Who knew - Rick Lecksell
The Winds Of Change - Rick Lecksell
The Wood - Rick Lecksell
You Dont Need To - Rick Lecksell
Don't Nobody Sing To Me Like Lucille - Lucille
I'm a Truck Drivin' Man - Rick Lecksell
Lovin' A Truck Drivin' Man - Rick Lecksell
Dig a Pony - Beatles - Roof Top
