*Ricksongs
Russian Dancer - Ricksongs
Christmas Time is Coming. Capo2 - Ricksongs
I Hear My Train - Ricksongs
River of Life - Ricksongs
Things You Make Me Do - Beatles - Ricksongs
Gonna Call My Baby - Ricksongs
Beg For Mercy - Ricksongs
Sanibel - Ricksongs
Paragons of Virtue - Ricksongs
Purple Sky - RickSongs
The Hideaway - Ricksongs
Stranger - Ricksongs
Town of Hearts - Ricksongs
Im Going In Deep - Ricksongs
The Curse - Ricksongs
You Got It - Roy Orbison
The Good Stuff - Ricksongs
Man Under The Bridge
Rusted Wreck ** 11/25/20 - Ricksongs
Lovin Your Sunshine - Ricksongs  Capo 3 DADGAD User 58-1 Sgt Fr Horn
I’m Drowning - Ricksongs
I Want - Ricksongs
I Knew A Man - Ricksongs
I Aint Leaving Till Im Done - Ricksongs
I Can Feel Your Calmness - Ricksongs
I Saw Heaven Tonight This One - Ricksongs
Bon Jovi & Rick - Rick Songs You Do What You Can
A 0  Use These Chords - Ricksongs
Allman Brothers - Ricksong
Carousel - R
Carousel (1) - R
Cheeze Whiz Song - Annie
The Color Red - Ricksongs
From The Beginning
Gracias A La Vida
GrungeStock - Ricksongs
I Can Hear You Calling - Ricksongs
I Found It - Ricksongs
I Heard Your Music - Ricksongs
I Only Want To Be With You - Ricksongs
I Saw Heaven Tonight - Ricksongs
I Think About the Good Things - Ricksongs
I Wanna Know (Who's Using Who) - Ricksongs
I Won't Fall Back Ricksong
I Wrote A Note - RickSongs
I've Got A New Suit - Ricksongs
Im Dreaming - Ricksongs
Im Gonna Cry Myself To Sleep - Ricksongs
In Case You're Wondering - Ricksong
It Just Feels Right - Ricksongs
Its A Warm Night Tonight - Ricksongs
Its Time - Ricksongs
Just Enough - Ricksongs
Just When You Think (Sting) - Ricksongs
Legacy - Ricksong
Like Father, Like Son - Ricksong
Livin' In A Dream - Ricksongs
Moma's Road Trip - Tammy Urie
My Destiny - Ricksongs
Nashville (That Was The Night) - Ricksongs
No Promises - Ricksongs
Not Cause I Wanted To
Pink Floyd - Pink Floyd
Promise Land - Ricksongs
Rusted Wreck 9 13 20 - Ricksongs
Rusted Wreck 9 15 20 - Ricksongs
Sarah's A Star - Ricksongs
A Setting Sail - Ricksong
Sha La La - Ricksongs
Something New - Ricksongs
Stand Out - Ricksongs
Stand Out 2
This Song - Ricksongs
Vitamin C Song - Ricksongs
Who knew - Ricksongs
The Winds Of Change - Ricksongs
The Wood - Ricksongs
You Dont Need To - RickSongs
Don't Nobody Sing To Me Like Lucille - Lucille
I'm a Truck Drivin' Man - Ricksongs
Lovin' A Truck Drivin' Man - Ricksongs
Dig a Pony - Beatles - Roof Top
