ZTed
Nights in White Satin - Moody Blues
Being For the Benefit of Mr Kite - Beatles
The Everlasting Muse
Summer Wine
Youre Sombody Else - Flora Capo 6
Carousel - R
Angel From Montgomery [C]
Behind Blue Eyes
Blue Star
The Bluest Eyes In Texas - Restless Heart
Boat On the River - Styx
Cant Find My Way Home
Dreams - Fleetwood Mac
Fields of Gold
Free Falling
From The Beginning
Get Together
I Want You To Want Me - Chase Holfelder [Am]
Landslide
Leather And Lace
Monday Morning * - Melanie Fiona
More than words - Extreme
Music to My Eyes - D          Daug       D6         D7
Our House
Radioactive
Rusted Wreck ** 11/25/20 - Rick Lecksell
Sister Golden Hair - America
Southern Cross
Suzanne - Leonard Cohen [D]
Windmills of Your Mind - Sting [Bbm]
You Don't Have To Cry
Something - Beatles
I Will - Beatles
When You Say Nothing At All - Kieth Whitley/Allison Krause
Train Train - Vince Gill
Tight Rope - Leon Russell
Shout - Tears For Fears
Death By Silence - R A
You're Outta Luck - Annie
No One Is To Blame - Howad Jones
Heart of gold - Neil Young
