All Songs
All My Loving - Beatles
Behind Blue Eyes - The Who
Best of My Love - Eagles
Blackbird - Beatles
Black Water - Doobie Brothers
Can't Find My Way Home - Blind Faith
Crossroads - Eric Clapton 
Desperado - Eagles
Doctor My Eyes - Jackson Browne
Do It Again - Steely Dan
Don't Let Me Down - Beatles
Drugstore Novels - Cast of Shadows
Dust in the Wind - Kansas
Feeling Alright
From the Beginning - Emerson, Lake and Palmer
Harvest Moon - Neil Young
Here Comes the Sun - Beatles
I Can See Clearly Now - Johnny Nash
If I Ever Lose My Faith In You - Sting
I've Just Seen a Face - Beatles
Lay Down Sally - Eric Clapton
Nowhere Man - Beatles
Peaceful, Easy Feeling - Eagles
Reelin' in the Years - Steely Dan
Refuge - Tom Petty
Run To You - Bryan Adams
Seven Bridges Road - Eagles
Sister Golden Hair - America
Soul Man - The Blues Brothers
Southern Cross
Suite Judy Blue Eyes - Crosby, Stills and Nash
Sultans of Swing - Dire Straights
Sweet Caroline - Neil Dimaond
Take It Easy - Eagles
Tears in Heaven - Eric Clapton
The Letter - Joe Cocker
Under the Boardwalk - The Drifters
Ventura Highway - America
Whiter Shade of Pale - Moody Blues
Your Momma Don't Dance - Loggins and Messina
