Andrew's Songs
Across the Universe - Beatles
All You Need Is Love - Beatles
Amie - Pure Prairie League
Breakdown - Tom Petty
Brown Eyed Girl - Van Morrison
Country Road - John Denver
Daydream Believer - Monkees
Desperado - The Eagles
Drugstore Novels - Cast of Shadows
Fire and Rain - James Taylor
Fool You Never Knew - Tempest
Free Fallin - Tom Petty
Give a Little Bit - Roger Hodgson
Here Comes the Sun - George Harrison
Here in Heaven - Mike Fraser
Hold On - Kansas
Hotel California - Eagles
I Can See Clearly Now - Johnny Nash or Jimmy Cliff
I'm a Believer - Monkees
Imagine - John Lennon
I'm Your Captain - Grand Funk Railroad
I Still Can't Say Goodbye - Chet Atkins
Kashmir - Led Zeppelin
Last Man on Earth - Alice Cooper
Leather And Lace - Stevie Nicks
Let It Be - Beatles
Listen to the Music - Doobie Brothers
Love Her Madly - Doors
Lyin' Eyes - Eagles
Maggie May - Rod Stewart
Margaritaville - Jimmy Buffett
Me and Julio Down by the Schoolyard - Paul Simon
Mother - Pink Floyd
Mrs. Robinson - Paul Simon
My Life - Tempest
Naptime - Jen Hajj
Nothing can stop us now - Tim Minchin
Peaceful, Easy Feeling - Eagles
Piano Man - Billy Joel
Questions - Moody Blues
Ramblin' Man - Allman Brothers Band
Reason to Believe - Tim Hardin (Rod Stewart)
Santa Monica - Everclear
Seems Like a Dream - Tempest
Serenade - Steve Miller
Sister Golden Hair - America
Sitting on the Dock of the Bay - Otis Redding
Space Oddity - David Bowie
Strong Enough to Win - Mike Fraser
Swingtown - Steve Miller
Take It Easy - Eagles
Turn the Page - Bob Seager
Voices - Red Shoes For Romeo
What a Wonderful World - Louis Armstrong
What I've Already Heard - Mike Fraser
Where You Take Me - Jen Hajj
Who'll Stop The Rain - Creedence Clearwater Revival
You Ain't Seen Nothing Yet - Backman Turner Overdrive
Young as You - Mike Fraser
