0 Michele
Peaceful Easy Feeling - Ending???
Our House
Love Will Keep Us Alive
Helplessly Hoping - Stephen Stills
I Saw the Light
Norwegian Wood
Your Mama Dont Dance
I Can See Clearly Now
Under The Boardwalk
Best of My Love
Doctor My Eyes
Change The World
Harvest Moon - Neil Young
Suite Judy Blue Eyes
**Set 2** - **Set 2**
Take it Easy
California Dreaming*
Nowhere Man
From The Beginning
Can't Find My Way Home
Behind Blue Eyes
If I Ever Loose My Faith In You*
I've Just Seen a Face
Landslide
Desperado - Eagles
Dear Prudence
Tequila Sunrise
NEW KID IN TOWN*
Don't Let Me Down
***Set 3*** - ***Set 3***
Things We Said Today*
Tin Man
Ventura Highway
You Can't Do That
Black Water
Listen To The Music
Sultans Of Swing
Lay Down Sally
Wild Night BV
The Letter BV
Pink Houses - John Mellencamp
Just A Song
All You Need Is Love*
Ohio - Neil Young
Blackbird
Country Roads* - John Denver
Do It Again
Dust in the Wind
Good Lovin
Southern Cross - Crosby Stills and Nash
Ramble On*
If I Fell*
Let it Be
Long Train Runnin'
Four and Twenty*
Please, Please Me
R.O.C.K. In the USA - ARNOLD DORSEY FROM MADRAS INDIA
Rambling Man
Sister Golden Hair* - America
Something
Soul Man
Sweet Love - Ricksongs
Teach Your Children
Turn the Page
While My Guitar Gently Weeps
Wings of a Dove
Woodstock
Birthday*
