KARR
Locomotive Breath - Jethro Tull
Landslide - Fleetwood Mac
Jenny Jenny - Tommy Tutone
Norwegian Wood - Beatles
Peaceful Easy Feeling - Eagles
Angel
The Letter - Joe Cocker
Sweet Melisa - Allman Brothers
Can't find My Way Home - Steve Windwood
Wish You Were Here - Pink Floyd
From the Beginning - ELP
Drugstore Novels - Cast of Shadows
Tequila Sunrise - Eagles
Space Oddity - David Bowie
Nowhere Man - Beatles
Seven Bridges Road - Eagles
Stuck in the Middle With You - Stealers Wheel
Suite Judy Blue Eyes - Crosby, Stills and Nash
Dust in the Wind - Kansas
Badge
For What It's Worth
Ramblin' Man - Allman Brothers
Sister Golden Hair - America
Take It Easy - Eagles
Ventura Highway - America
Wild Nights - Van Morrison
All Right Now - Free
Blackbird - Beatles
Lucky Man - ELP
Casey Jones - Grateful Dead
Turn the Page - Bob Segar
Gold Dust Woman
Lying Eyes - Eagles
Panama Red
Something - Beatles
Best of My Love - Eagles
Southern Cross
The Weight
What I Like About You - Romantics
Let It Be - Beatles
Pink Houses - John Cougar
Can't You See - Marshall Tucker
Wagon Wheel - Darius Rucker
Under the Boardwalk - Drifters
Bring It on Home
Hold On/Your Move - Triumph/Yes
