No Banter Songlist
A Whiter Shade Of Pale - Procol Harum
All Summer Long
Bartender Blues - James Taylor
California Dreamin - Moma's and Papa's
Can't Find My Way Home - Blind Faith
Daydream Believer
End of the Line
Evening
Everybody's Talking - Harry Nilsson
Hands of Time - Red Shoes for Romeo
Happy Together
I Can't Stop Loving You - Tommy Emmanuel
I Saw the Light - Todd Rundgren
I'll Be Your Baby Tonight - Bob Dylan
I'll Cry Instead - Beatles
If I Fell - Beatles
Just My Imagination
Kodachrome - Paul Simon
Lady Madonna
Look for America
Love Her Madly
Me and Julio Down by the Schoolyard - Paul Simon
Mrs. Robinson
Never Ending Love For You
Never Going Back Again - Fleetwood Mac
Nowhere Man - Beatles
One After 909
One More Night - Bob Dylan
Our House - Crosby, Stills and Nash
Pancho and Lefty - Townes Van Zandt [C]
Peaceful, Easy Feeling - Eagles
Piano Man - Billy Joel
Please Please Me
Secret Agent Man
She Came In Through the Bathroom Window
She's Not There
Stray Cat Strut - Stray Cats
Summer Breeze - Seals & Crofts
That's What You Get For Loving Me - Mike Staples
Tin Man - America
Watching the Wheels - John Lennon
What Goes On In Your Heart
